// Jest Snapshot v1, https://goo.gl/fbAQLP

exports[`creates successfully a BEM based Widget 1`] = `
<div
  className="post"
>
  <img
    alt="Post illustration"
    className="post__picture"
    src="https://http://via.placeholder.com/50x50"
  />
  <h2
    className="post__title post__title--awesome post__title--large"
  >
    Test title
  </h2>
  <p
    className="post__phrase"
  >
    An awesome phrase
  </p>
  <p
    className="post__phrase post__phrase--emphasized post__phrase--colorful"
  >
    An awesome phrase
  </p>
</div>
`;
